../Core/Src/main.c:90:6:cb_init	24	static
../Core/Src/main.c:105:6:cb_free	16	static
../Core/Src/main.c:110:6:cb_push_back	16	static
../Core/Src/main.c:124:6:cb_pop_front	16	static
../Core/Src/main.c:151:5:_write	32	static
../Core/Src/main.c:165:6:setPulseFromDutyValue	32	static
../Core/Src/main.c:184:8:getSpeedByDelta	32	static
../Core/Src/main.c:188:8:getTicksDelta	48	static
../Core/Src/main.c:202:8:getPosition	40	static
../Core/Src/main.c:244:5:main	112	static
../Core/Src/main.c:321:6:SystemClock_Config	88	static
../Core/Src/main.c:366:13:MX_ADC1_Init	24	static
../Core/Src/main.c:416:13:MX_TIM1_Init	56	static
../Core/Src/main.c:466:13:MX_TIM2_Init	64	static
../Core/Src/main.c:524:13:MX_TIM3_Init	64	static
../Core/Src/main.c:587:13:MX_TIM4_Init	32	static
../Core/Src/main.c:632:13:MX_USART2_UART_Init	8	static
../Core/Src/main.c:665:13:MX_GPIO_Init	40	static
../Core/Src/main.c:686:6:HAL_ADC_ConvCpltCallback	40	static
../Core/Src/main.c:692:6:HAL_TIM_PeriodElapsedCallback	112	static
../Core/Src/main.c:739:6:Error_Handler	4	static,ignoring_inline_asm
