../Core/Src/main.c:85:6:cb_init	24	static
../Core/Src/main.c:100:6:cb_free	16	static
../Core/Src/main.c:105:6:cb_push_back	16	static
../Core/Src/main.c:119:6:cb_pop_front	16	static
../Core/Src/main.c:146:5:_write	32	static
../Core/Src/main.c:160:6:setPulseFromDutyValue	32	static
../Core/Src/main.c:179:8:getSpeedByDelta	32	static
../Core/Src/main.c:183:8:getTicksDelta	48	static
../Core/Src/main.c:197:8:getPosition	40	static
../Core/Src/main.c:233:5:main	112	static
../Core/Src/main.c:300:6:SystemClock_Config	88	static
../Core/Src/main.c:342:13:MX_TIM1_Init	56	static
../Core/Src/main.c:390:13:MX_TIM3_Init	64	static
../Core/Src/main.c:449:13:MX_TIM4_Init	32	static
../Core/Src/main.c:491:13:MX_USART2_UART_Init	8	static
../Core/Src/main.c:522:13:MX_GPIO_Init	40	static
../Core/Src/main.c:542:6:HAL_TIM_PeriodElapsedCallback	104	static
../Core/Src/main.c:591:6:Error_Handler	4	static,ignoring_inline_asm
